Archive member included to satisfy reference by file (symbol)

C:/Program Files (x86)/Arm GNU Toolchain arm-none-eabi/13.2 Rel1/bin/../lib/gcc/arm-none-eabi/13.2.1/thumb/v6-m/nofp\libgcc.a(_udivsi3.o)
                              ./Device_Drivers/CLOCK/Sys_Clock.o (__aeabi_uidiv)
C:/Program Files (x86)/Arm GNU Toolchain arm-none-eabi/13.2 Rel1/bin/../lib/gcc/arm-none-eabi/13.2.1/thumb/v6-m/nofp\libgcc.a(_dvmd_tls.o)
                              C:/Program Files (x86)/Arm GNU Toolchain arm-none-eabi/13.2 Rel1/bin/../lib/gcc/arm-none-eabi/13.2.1/thumb/v6-m/nofp\libgcc.a(_udivsi3.o) (__aeabi_idiv0)
C:/Program Files (x86)/Arm GNU Toolchain arm-none-eabi/13.2 Rel1/bin/../lib/gcc/arm-none-eabi/13.2.1/thumb/v6-m/nofp\libc_nano.a(libc_a-errno.o)
                              ./Libc_Device_Support/syscalls.o (__errno)
C:/Program Files (x86)/Arm GNU Toolchain arm-none-eabi/13.2 Rel1/bin/../lib/gcc/arm-none-eabi/13.2.1/thumb/v6-m/nofp\libc_nano.a(libc_a-init.o)
                              ./Startup/startup.o (__libc_init_array)
C:/Program Files (x86)/Arm GNU Toolchain arm-none-eabi/13.2 Rel1/bin/../lib/gcc/arm-none-eabi/13.2.1/thumb/v6-m/nofp\libc_nano.a(libc_a-impure.o)
                              C:/Program Files (x86)/Arm GNU Toolchain arm-none-eabi/13.2 Rel1/bin/../lib/gcc/arm-none-eabi/13.2.1/thumb/v6-m/nofp\libc_nano.a(libc_a-errno.o) (_impure_ptr)

Discarded input sections

 .data          0x00000000        0x0 ./Application_Source/main.o
 .heap          0x00000000      0x200 ./Application_Source/main.o
 .stack         0x00000000     0x1000 ./Application_Source/main.o
 .text          0x00000000        0x0 ./Application_Source/user_cfg.o
 .data          0x00000000        0x0 ./Application_Source/user_cfg.o
 .bss           0x00000000        0x0 ./Application_Source/user_cfg.o
 .rodata        0x00000000      0x188 ./Application_Source/user_cfg.o
 .debug_info    0x00000000      0x445 ./Application_Source/user_cfg.o
 .debug_abbrev  0x00000000       0xb5 ./Application_Source/user_cfg.o
 .debug_aranges
                0x00000000       0x18 ./Application_Source/user_cfg.o
 .debug_line    0x00000000      0x19e ./Application_Source/user_cfg.o
 .debug_str     0x00000000      0x459 ./Application_Source/user_cfg.o
 .comment       0x00000000       0x45 ./Application_Source/user_cfg.o
 .ARM.attributes
                0x00000000       0x2c ./Application_Source/user_cfg.o
 .text          0x00000000      0x2f8 ./Device_Drivers/GPIO/gpio.o
 .data          0x00000000        0x0 ./Device_Drivers/GPIO/gpio.o
 .bss           0x00000000        0x0 ./Device_Drivers/GPIO/gpio.o
 .debug_info    0x00000000      0x670 ./Device_Drivers/GPIO/gpio.o
 .debug_abbrev  0x00000000      0x13e ./Device_Drivers/GPIO/gpio.o
 .debug_aranges
                0x00000000       0x20 ./Device_Drivers/GPIO/gpio.o
 .debug_line    0x00000000      0x27d ./Device_Drivers/GPIO/gpio.o
 .debug_str     0x00000000      0x366 ./Device_Drivers/GPIO/gpio.o
 .comment       0x00000000       0x45 ./Device_Drivers/GPIO/gpio.o
 .debug_frame   0x00000000      0x1b0 ./Device_Drivers/GPIO/gpio.o
 .ARM.attributes
                0x00000000       0x2c ./Device_Drivers/GPIO/gpio.o
 .data          0x00000000        0x0 ./Device_Drivers/CLOCK/Sys_Clock.o
 .bss           0x00000000        0x0 ./Device_Drivers/CLOCK/Sys_Clock.o
 .text          0x00000000       0x68 ./Device_Drivers/SYSTICK/systick.o
 .data          0x00000000        0x0 ./Device_Drivers/SYSTICK/systick.o
 .bss           0x00000000        0x0 ./Device_Drivers/SYSTICK/systick.o
 .debug_info    0x00000000       0xda ./Device_Drivers/SYSTICK/systick.o
 .debug_abbrev  0x00000000       0x90 ./Device_Drivers/SYSTICK/systick.o
 .debug_aranges
                0x00000000       0x20 ./Device_Drivers/SYSTICK/systick.o
 .debug_line    0x00000000      0x15f ./Device_Drivers/SYSTICK/systick.o
 .debug_str     0x00000000      0x1a3 ./Device_Drivers/SYSTICK/systick.o
 .comment       0x00000000       0x45 ./Device_Drivers/SYSTICK/systick.o
 .debug_frame   0x00000000       0x50 ./Device_Drivers/SYSTICK/systick.o
 .ARM.attributes
                0x00000000       0x2c ./Device_Drivers/SYSTICK/systick.o
 .text          0x00000000      0x54a ./Device_Drivers/TIMER/timer.o
 .data          0x00000000        0x0 ./Device_Drivers/TIMER/timer.o
 .bss           0x00000000        0x0 ./Device_Drivers/TIMER/timer.o
 .debug_info    0x00000000      0x74b ./Device_Drivers/TIMER/timer.o
 .debug_abbrev  0x00000000      0x138 ./Device_Drivers/TIMER/timer.o
 .debug_aranges
                0x00000000       0x20 ./Device_Drivers/TIMER/timer.o
 .debug_line    0x00000000      0x3f7 ./Device_Drivers/TIMER/timer.o
 .debug_str     0x00000000      0x54d ./Device_Drivers/TIMER/timer.o
 .comment       0x00000000       0x45 ./Device_Drivers/TIMER/timer.o
 .debug_frame   0x00000000      0x1b0 ./Device_Drivers/TIMER/timer.o
 .ARM.attributes
                0x00000000       0x2c ./Device_Drivers/TIMER/timer.o
 .text          0x00000000        0xa ./Libc_Device_Support/malloc_support.o
 .data          0x00000000        0x0 ./Libc_Device_Support/malloc_support.o
 .bss           0x00000000        0x0 ./Libc_Device_Support/malloc_support.o
 .debug_info    0x00000000       0x39 ./Libc_Device_Support/malloc_support.o
 .debug_abbrev  0x00000000       0x2d ./Libc_Device_Support/malloc_support.o
 .debug_aranges
                0x00000000       0x20 ./Libc_Device_Support/malloc_support.o
 .debug_line    0x00000000       0x5a ./Libc_Device_Support/malloc_support.o
 .debug_str     0x00000000       0xdc ./Libc_Device_Support/malloc_support.o
 .comment       0x00000000       0x45 ./Libc_Device_Support/malloc_support.o
 .debug_frame   0x00000000       0x2c ./Libc_Device_Support/malloc_support.o
 .ARM.attributes
                0x00000000       0x2c ./Libc_Device_Support/malloc_support.o
 .text          0x00000000        0xa ./Libc_Device_Support/printf_support.o
 .data          0x00000000        0x0 ./Libc_Device_Support/printf_support.o
 .bss           0x00000000        0x0 ./Libc_Device_Support/printf_support.o
 .debug_info    0x00000000       0x39 ./Libc_Device_Support/printf_support.o
 .debug_abbrev  0x00000000       0x2d ./Libc_Device_Support/printf_support.o
 .debug_aranges
                0x00000000       0x20 ./Libc_Device_Support/printf_support.o
 .debug_line    0x00000000       0x5a ./Libc_Device_Support/printf_support.o
 .debug_str     0x00000000       0xdc ./Libc_Device_Support/printf_support.o
 .comment       0x00000000       0x45 ./Libc_Device_Support/printf_support.o
 .debug_frame   0x00000000       0x2c ./Libc_Device_Support/printf_support.o
 .ARM.attributes
                0x00000000       0x2c ./Libc_Device_Support/printf_support.o
 .text          0x00000000      0x294 ./Libc_Device_Support/syscalls.o
 .data          0x00000000        0x4 ./Libc_Device_Support/syscalls.o
 .bss           0x00000000        0x8 ./Libc_Device_Support/syscalls.o
 .debug_info    0x00000000      0x711 ./Libc_Device_Support/syscalls.o
 .debug_abbrev  0x00000000      0x1c8 ./Libc_Device_Support/syscalls.o
 .debug_aranges
                0x00000000       0x20 ./Libc_Device_Support/syscalls.o
 .debug_line    0x00000000      0x2c1 ./Libc_Device_Support/syscalls.o
 .debug_str     0x00000000      0x3f7 ./Libc_Device_Support/syscalls.o
 .comment       0x00000000       0x45 ./Libc_Device_Support/syscalls.o
 .debug_frame   0x00000000      0x264 ./Libc_Device_Support/syscalls.o
 .ARM.attributes
                0x00000000       0x2c ./Libc_Device_Support/syscalls.o
 .text          0x00000000       0x14 ./Special_Libraries/dsplib.o
 .data          0x00000000        0x0 ./Special_Libraries/dsplib.o
 .bss           0x00000000        0x0 ./Special_Libraries/dsplib.o
 .debug_info    0x00000000       0x47 ./Special_Libraries/dsplib.o
 .debug_abbrev  0x00000000       0x2f ./Special_Libraries/dsplib.o
 .debug_aranges
                0x00000000       0x20 ./Special_Libraries/dsplib.o
 .debug_line    0x00000000       0x56 ./Special_Libraries/dsplib.o
 .debug_str     0x00000000       0xd5 ./Special_Libraries/dsplib.o
 .comment       0x00000000       0x45 ./Special_Libraries/dsplib.o
 .debug_frame   0x00000000       0x48 ./Special_Libraries/dsplib.o
 .ARM.attributes
                0x00000000       0x2c ./Special_Libraries/dsplib.o
 .text          0x00000000       0x54 ./Special_Libraries/reset.o
 .data          0x00000000        0x0 ./Special_Libraries/reset.o
 .bss           0x00000000        0x0 ./Special_Libraries/reset.o
 .debug_info    0x00000000       0xd0 ./Special_Libraries/reset.o
 .debug_abbrev  0x00000000       0x91 ./Special_Libraries/reset.o
 .debug_aranges
                0x00000000       0x20 ./Special_Libraries/reset.o
 .debug_line    0x00000000      0x153 ./Special_Libraries/reset.o
 .debug_str     0x00000000      0x194 ./Special_Libraries/reset.o
 .comment       0x00000000       0x45 ./Special_Libraries/reset.o
 .debug_frame   0x00000000       0x4c ./Special_Libraries/reset.o
 .ARM.attributes
                0x00000000       0x2c ./Special_Libraries/reset.o
 .data          0x00000000        0x0 ./Special_Libraries/cmsis_gcc.o
 .bss           0x00000000        0x0 ./Special_Libraries/cmsis_gcc.o
 .data          0x00000000        0x0 ./Startup/startup.o
 .bss           0x00000000        0x0 ./Startup/startup.o
 .data          0x00000000        0x0 C:/Program Files (x86)/Arm GNU Toolchain arm-none-eabi/13.2 Rel1/bin/../lib/gcc/arm-none-eabi/13.2.1/thumb/v6-m/nofp\libgcc.a(_udivsi3.o)
 .bss           0x00000000        0x0 C:/Program Files (x86)/Arm GNU Toolchain arm-none-eabi/13.2 Rel1/bin/../lib/gcc/arm-none-eabi/13.2.1/thumb/v6-m/nofp\libgcc.a(_udivsi3.o)
 .data          0x00000000        0x0 C:/Program Files (x86)/Arm GNU Toolchain arm-none-eabi/13.2 Rel1/bin/../lib/gcc/arm-none-eabi/13.2.1/thumb/v6-m/nofp\libgcc.a(_dvmd_tls.o)
 .bss           0x00000000        0x0 C:/Program Files (x86)/Arm GNU Toolchain arm-none-eabi/13.2 Rel1/bin/../lib/gcc/arm-none-eabi/13.2.1/thumb/v6-m/nofp\libgcc.a(_dvmd_tls.o)
 .text          0x00000000        0x0 C:/Program Files (x86)/Arm GNU Toolchain arm-none-eabi/13.2 Rel1/bin/../lib/gcc/arm-none-eabi/13.2.1/thumb/v6-m/nofp\libc_nano.a(libc_a-errno.o)
 .data          0x00000000        0x0 C:/Program Files (x86)/Arm GNU Toolchain arm-none-eabi/13.2 Rel1/bin/../lib/gcc/arm-none-eabi/13.2.1/thumb/v6-m/nofp\libc_nano.a(libc_a-errno.o)
 .bss           0x00000000        0x0 C:/Program Files (x86)/Arm GNU Toolchain arm-none-eabi/13.2 Rel1/bin/../lib/gcc/arm-none-eabi/13.2.1/thumb/v6-m/nofp\libc_nano.a(libc_a-errno.o)
 .text.__errno  0x00000000        0xc C:/Program Files (x86)/Arm GNU Toolchain arm-none-eabi/13.2 Rel1/bin/../lib/gcc/arm-none-eabi/13.2.1/thumb/v6-m/nofp\libc_nano.a(libc_a-errno.o)
 .debug_frame   0x00000000       0x20 C:/Program Files (x86)/Arm GNU Toolchain arm-none-eabi/13.2 Rel1/bin/../lib/gcc/arm-none-eabi/13.2.1/thumb/v6-m/nofp\libc_nano.a(libc_a-errno.o)
 .ARM.attributes
                0x00000000       0x2c C:/Program Files (x86)/Arm GNU Toolchain arm-none-eabi/13.2 Rel1/bin/../lib/gcc/arm-none-eabi/13.2.1/thumb/v6-m/nofp\libc_nano.a(libc_a-errno.o)
 .text          0x00000000        0x0 C:/Program Files (x86)/Arm GNU Toolchain arm-none-eabi/13.2 Rel1/bin/../lib/gcc/arm-none-eabi/13.2.1/thumb/v6-m/nofp\libc_nano.a(libc_a-init.o)
 .data          0x00000000        0x0 C:/Program Files (x86)/Arm GNU Toolchain arm-none-eabi/13.2 Rel1/bin/../lib/gcc/arm-none-eabi/13.2.1/thumb/v6-m/nofp\libc_nano.a(libc_a-init.o)
 .bss           0x00000000        0x0 C:/Program Files (x86)/Arm GNU Toolchain arm-none-eabi/13.2 Rel1/bin/../lib/gcc/arm-none-eabi/13.2.1/thumb/v6-m/nofp\libc_nano.a(libc_a-init.o)
 .text          0x00000000        0x0 C:/Program Files (x86)/Arm GNU Toolchain arm-none-eabi/13.2 Rel1/bin/../lib/gcc/arm-none-eabi/13.2.1/thumb/v6-m/nofp\libc_nano.a(libc_a-impure.o)
 .data          0x00000000        0x0 C:/Program Files (x86)/Arm GNU Toolchain arm-none-eabi/13.2 Rel1/bin/../lib/gcc/arm-none-eabi/13.2.1/thumb/v6-m/nofp\libc_nano.a(libc_a-impure.o)
 .bss           0x00000000        0x0 C:/Program Files (x86)/Arm GNU Toolchain arm-none-eabi/13.2 Rel1/bin/../lib/gcc/arm-none-eabi/13.2.1/thumb/v6-m/nofp\libc_nano.a(libc_a-impure.o)
 .data._impure_ptr
                0x00000000        0x4 C:/Program Files (x86)/Arm GNU Toolchain arm-none-eabi/13.2 Rel1/bin/../lib/gcc/arm-none-eabi/13.2.1/thumb/v6-m/nofp\libc_nano.a(libc_a-impure.o)
 .data._impure_data
                0x00000000       0x4c C:/Program Files (x86)/Arm GNU Toolchain arm-none-eabi/13.2 Rel1/bin/../lib/gcc/arm-none-eabi/13.2.1/thumb/v6-m/nofp\libc_nano.a(libc_a-impure.o)
 .ARM.attributes
                0x00000000       0x2c C:/Program Files (x86)/Arm GNU Toolchain arm-none-eabi/13.2 Rel1/bin/../lib/gcc/arm-none-eabi/13.2.1/thumb/v6-m/nofp\libc_nano.a(libc_a-impure.o)

Memory Configuration

Name             Origin             Length             Attributes
FLASH            0x00000000         0x00020000         xr
RAM              0x20000000         0x00004000         xrw
*default*        0x00000000         0xffffffff

Linker script and memory map

LOAD ./Application_Source/main.o
LOAD ./Application_Source/user_cfg.o
LOAD ./Device_Drivers/GPIO/gpio.o
LOAD ./Device_Drivers/CLOCK/Sys_Clock.o
LOAD ./Device_Drivers/SYSTICK/systick.o
LOAD ./Device_Drivers/TIMER/timer.o
LOAD ./Libc_Device_Support/malloc_support.o
LOAD ./Libc_Device_Support/printf_support.o
LOAD ./Libc_Device_Support/syscalls.o
LOAD ./Special_Libraries/dsplib.o
LOAD ./Special_Libraries/reset.o
LOAD ./Special_Libraries/cmsis_gcc.o
LOAD ./Startup/startup.o
START GROUP
LOAD C:/Program Files (x86)/Arm GNU Toolchain arm-none-eabi/13.2 Rel1/bin/../lib/gcc/arm-none-eabi/13.2.1/thumb/v6-m/nofp\libgcc.a
LOAD C:/Program Files (x86)/Arm GNU Toolchain arm-none-eabi/13.2 Rel1/bin/../lib/gcc/arm-none-eabi/13.2.1/thumb/v6-m/nofp\libc_nano.a
END GROUP
START GROUP
LOAD C:/Program Files (x86)/Arm GNU Toolchain arm-none-eabi/13.2 Rel1/bin/../lib/gcc/arm-none-eabi/13.2.1/thumb/v6-m/nofp\libgcc.a
LOAD C:/Program Files (x86)/Arm GNU Toolchain arm-none-eabi/13.2 Rel1/bin/../lib/gcc/arm-none-eabi/13.2.1/thumb/v6-m/nofp\libc_nano.a
LOAD C:/Program Files (x86)/Arm GNU Toolchain arm-none-eabi/13.2 Rel1/bin/../lib/gcc/arm-none-eabi/13.2.1/thumb/v6-m/nofp\libnosys.a
END GROUP
START GROUP
LOAD C:/Program Files (x86)/Arm GNU Toolchain arm-none-eabi/13.2 Rel1/bin/../lib/gcc/arm-none-eabi/13.2.1/thumb/v6-m/nofp\libgcc.a
LOAD C:/Program Files (x86)/Arm GNU Toolchain arm-none-eabi/13.2 Rel1/bin/../lib/gcc/arm-none-eabi/13.2.1/thumb/v6-m/nofp\libc_nano.a
LOAD C:/Program Files (x86)/Arm GNU Toolchain arm-none-eabi/13.2 Rel1/bin/../lib/gcc/arm-none-eabi/13.2.1/thumb/v6-m/nofp\libnosys.a
END GROUP
                0x00000000                        __FLASH_START = 0x0
                0x00020000                        __FLASH_SIZE = 0x20000
                0x20000000                        __RAM_START = 0x20000000
                0x00004000                        __RAM_SIZE = 0x4000
                0x00001000                        __STACK_SIZE = 0x1000
                0x00000200                        __HEAP_SIZE = 0x200
                0x20004000                        __STACK_START = (__RAM_START + __RAM_SIZE)
                0x20003000                        __STACK_END = (__STACK_START - __STACK_SIZE)
                0x20002e00                        __HEAP_START = (__STACK_END - __HEAP_SIZE)
                0x20003000                        __HEAP_END = __STACK_END

.text           0x00000000      0x880
 *(.isr_vector)
 .isr_vector    0x00000000       0xc0 ./Startup/startup.o
                0x00000000                vector
 *(.user_irq_hdlr)
 *(.text*)
 .text          0x000000c0      0x228 ./Application_Source/main.o
                0x000000c0                main
                0x000001e8                Delay1
                0x00000222                init_peri_Clock_Config
                0x00000260                ioss_interrupts_gpio_3_IRQHandler
 .text          0x000002e8      0x288 ./Device_Drivers/CLOCK/Sys_Clock.o
                0x000002e8                SysClk_PeriphDisableDivider
                0x00000320                SysClk_PeriphSetDivider
                0x00000370                SysClk_PeriphEnableDivider
                0x000003ac                SysClk_PeriphAssignDivider
                0x000003ec                Cy_SysClk_ClkHfSetDivider
                0x00000420                Cy_SysClk_ImoEnable
                0x00000438                Cy_SysClk_ImoGetFrequency
                0x00000474                Cy_SysClk_ImoSetFrequency
 .text          0x00000570      0x100 ./Special_Libraries/cmsis_gcc.o
                0x00000570                enable_irq
                0x0000057c                disable_irq
                0x00000588                NVIC_SetPriority
                0x000005e4                NVIC_ClearPendingIRQ
                0x00000610                NVIC_EnableIRQ
                0x0000063c                NVIC_DisableIRQ
 .text          0x00000670       0xb0 ./Startup/startup.o
                0x00000670                _init
                0x0000067a                Reset_handler
                0x00000710                tcpwm_interrupts_7_IRQHandler
                0x00000710                pass_0_interrupt_sar_IRQHandler
                0x00000710                SysTick_Handler
                0x00000710                PendSV_Handler
                0x00000710                NMI_Handler
                0x00000710                ioss_interrupts_gpio_1_IRQHandler
                0x00000710                cpuss_interrupt_dma_IRQHandler
                0x00000710                scb_4_interrupt_IRQHandler
                0x00000710                ioss_interrupts_gpio_2_IRQHandler
                0x00000710                can_interrupt_can_IRQHandler
                0x00000710                tcpwm_interrupts_4_IRQHandler
                0x00000710                cpuss_interrupt_spcif_IRQHandler
                0x00000710                scb_0_interrupt_IRQHandler
                0x00000710                tcpwm_interrupts_3_IRQHandler
                0x00000710                csd_interrupt_IRQHandler
                0x00000710                tcpwm_interrupts_1_IRQHandler
                0x00000710                lpcomp_interrupt_IRQHandler
                0x00000710                crypto_interrupt_IRQHandler
                0x00000710                tcpwm_interrupts_6_IRQHandler
                0x00000710                ioss_interrupt_gpio_IRQHandler
                0x00000710                scb_2_interrupt_IRQHandler
                0x00000710                scb_1_interrupt_IRQHandler
                0x00000710                Default_Handler
                0x00000710                scb_3_interrupt_IRQHandler
                0x00000710                ioss_interrupts_gpio_0_IRQHandler
                0x00000710                tcpwm_interrupts_0_IRQHandler
                0x00000710                SVC_Handler
                0x00000710                tcpwm_interrupts_2_IRQHandler
                0x00000710                tcpwm_interrupts_5_IRQHandler
                0x00000710                srss_interrupt_wdt_IRQHandler
                0x00000710                pass_0_interrupt_ctbs_IRQHandler
                0x00000710                wco_interrupt_IRQHandler
                0x00000718                HRDFLT_Handler
                0x00000718                HardFault_Handler
 .text          0x00000720      0x114 C:/Program Files (x86)/Arm GNU Toolchain arm-none-eabi/13.2 Rel1/bin/../lib/gcc/arm-none-eabi/13.2.1/thumb/v6-m/nofp\libgcc.a(_udivsi3.o)
                0x00000720                __aeabi_uidiv
                0x00000720                __udivsi3
                0x0000082c                __aeabi_uidivmod
 .text          0x00000834        0x4 C:/Program Files (x86)/Arm GNU Toolchain arm-none-eabi/13.2 Rel1/bin/../lib/gcc/arm-none-eabi/13.2.1/thumb/v6-m/nofp\libgcc.a(_dvmd_tls.o)
                0x00000834                __aeabi_idiv0
                0x00000834                __aeabi_ldiv0
 .text.__libc_init_array
                0x00000838       0x48 C:/Program Files (x86)/Arm GNU Toolchain arm-none-eabi/13.2 Rel1/bin/../lib/gcc/arm-none-eabi/13.2.1/thumb/v6-m/nofp\libc_nano.a(libc_a-init.o)
                0x00000838                __libc_init_array
 *(.init*)
 *(.fini*)
                0x00000880                        . = ALIGN (0x4)
 *(.rodata .rodata.*)
                0x00000880                        . = ALIGN (0x4)
                0x00000880                        __etext = .
                0x00000880                        _la_data = LOADADDR (.data)

.glue_7         0x00000880        0x0
 .glue_7        0x00000880        0x0 linker stubs

.glue_7t        0x00000880        0x0
 .glue_7t       0x00000880        0x0 linker stubs

.vfp11_veneer   0x00000880        0x0
 .vfp11_veneer  0x00000880        0x0 linker stubs

.v4_bx          0x00000880        0x0
 .v4_bx         0x00000880        0x0 linker stubs

.iplt           0x00000880        0x0
 .iplt          0x00000880        0x0 ./Application_Source/main.o

.rel.dyn        0x00000880        0x0
 .rel.iplt      0x00000880        0x0 ./Application_Source/main.o

.data           0x20000000        0x0 load address 0x00000880
                0x20000000                        __data_start = .
 *(.data*)
                0x20000000                        . = ALIGN (0x4)
                0x20000000                        __data_end = .

.igot.plt       0x20000000        0x0 load address 0x00000880
 .igot.plt      0x20000000        0x0 ./Application_Source/main.o

.bss            0x20000000        0x4 load address 0x00000880
                0x20000000                        __bss_start__ = .
 *(.bss)
 .bss           0x20000000        0x1 ./Application_Source/main.o
                0x20000000                invertFLAG
 *(.bss.*)
 *(COMMON)
                0x20000004                        . = ALIGN (0x4)
 *fill*         0x20000001        0x3 
                0x20000004                        __bss_end__ = .
                0x20000004                        . = ALIGN (0x4)
                0x20000004                        end = .
                0x20000004                        __end__ = .

Heap            0x20000004     0x2dfc load address 0x00000880
                0x20002e00                        . = ABSOLUTE (__HEAP_START)
 *fill*         0x20000004     0x2dfc 
 *(.heap)
                0x20002e00                        . = ALIGN (0x4)

Stack           0x20002e00      0x200 load address 0x00000880
                0x20003000                        . = ABSOLUTE (__STACK_END)
 *fill*         0x20002e00      0x200 
 *(.stack)
OUTPUT(bin/BareMetal.elf elf32-littlearm)
LOAD linker stubs

.debug_info     0x00000000      0xd6f
 .debug_info    0x00000000      0x1c7 ./Application_Source/main.o
 .debug_info    0x000001c7      0x7e3 ./Device_Drivers/CLOCK/Sys_Clock.o
 .debug_info    0x000009aa      0x226 ./Special_Libraries/cmsis_gcc.o
 .debug_info    0x00000bd0      0x19f ./Startup/startup.o

.debug_abbrev   0x00000000      0x4cb
 .debug_abbrev  0x00000000      0x144 ./Application_Source/main.o
 .debug_abbrev  0x00000144      0x18e ./Device_Drivers/CLOCK/Sys_Clock.o
 .debug_abbrev  0x000002d2       0xe0 ./Special_Libraries/cmsis_gcc.o
 .debug_abbrev  0x000003b2      0x119 ./Startup/startup.o

.debug_aranges  0x00000000       0x80
 .debug_aranges
                0x00000000       0x20 ./Application_Source/main.o
 .debug_aranges
                0x00000020       0x20 ./Device_Drivers/CLOCK/Sys_Clock.o
 .debug_aranges
                0x00000040       0x20 ./Special_Libraries/cmsis_gcc.o
 .debug_aranges
                0x00000060       0x20 ./Startup/startup.o

.debug_line     0x00000000      0x853
 .debug_line    0x00000000      0x2b6 ./Application_Source/main.o
 .debug_line    0x000002b6      0x243 ./Device_Drivers/CLOCK/Sys_Clock.o
 .debug_line    0x000004f9      0x1ca ./Special_Libraries/cmsis_gcc.o
 .debug_line    0x000006c3      0x190 ./Startup/startup.o

.debug_str      0x00000000      0xa0a
 .debug_str     0x00000000      0xa0a ./Application_Source/main.o
                                0x22d (size before relaxing)
 .debug_str     0x00000a0a      0x7fe ./Device_Drivers/CLOCK/Sys_Clock.o
 .debug_str     0x00000a0a      0x22c ./Special_Libraries/cmsis_gcc.o
 .debug_str     0x00000a0a      0x1ef ./Startup/startup.o

.comment        0x00000000       0x44
 .comment       0x00000000       0x44 ./Application_Source/main.o
                                 0x45 (size before relaxing)
 .comment       0x00000044       0x45 ./Device_Drivers/CLOCK/Sys_Clock.o
 .comment       0x00000044       0x45 ./Special_Libraries/cmsis_gcc.o
 .comment       0x00000044       0x45 ./Startup/startup.o

.ARM.attributes
                0x00000000       0x2c
 .ARM.attributes
                0x00000000       0x2c ./Application_Source/main.o
 .ARM.attributes
                0x0000002c       0x2c ./Device_Drivers/CLOCK/Sys_Clock.o
 .ARM.attributes
                0x00000058       0x2c ./Special_Libraries/cmsis_gcc.o
 .ARM.attributes
                0x00000084       0x2c ./Startup/startup.o
 .ARM.attributes
                0x000000b0       0x1e C:/Program Files (x86)/Arm GNU Toolchain arm-none-eabi/13.2 Rel1/bin/../lib/gcc/arm-none-eabi/13.2.1/thumb/v6-m/nofp\libgcc.a(_udivsi3.o)
 .ARM.attributes
                0x000000ce       0x1e C:/Program Files (x86)/Arm GNU Toolchain arm-none-eabi/13.2 Rel1/bin/../lib/gcc/arm-none-eabi/13.2.1/thumb/v6-m/nofp\libgcc.a(_dvmd_tls.o)
 .ARM.attributes
                0x000000ec       0x2c C:/Program Files (x86)/Arm GNU Toolchain arm-none-eabi/13.2 Rel1/bin/../lib/gcc/arm-none-eabi/13.2.1/thumb/v6-m/nofp\libc_nano.a(libc_a-init.o)

.debug_frame    0x00000000      0x328
 .debug_frame   0x00000000       0x88 ./Application_Source/main.o
 .debug_frame   0x00000088      0x108 ./Device_Drivers/CLOCK/Sys_Clock.o
 .debug_frame   0x00000190       0xc8 ./Special_Libraries/cmsis_gcc.o
 .debug_frame   0x00000258       0x84 ./Startup/startup.o
 .debug_frame   0x000002dc       0x20 C:/Program Files (x86)/Arm GNU Toolchain arm-none-eabi/13.2 Rel1/bin/../lib/gcc/arm-none-eabi/13.2.1/thumb/v6-m/nofp\libgcc.a(_udivsi3.o)
 .debug_frame   0x000002fc       0x2c C:/Program Files (x86)/Arm GNU Toolchain arm-none-eabi/13.2 Rel1/bin/../lib/gcc/arm-none-eabi/13.2.1/thumb/v6-m/nofp\libc_nano.a(libc_a-init.o)

.debug_line_str
                0x00000000       0xc9
 .debug_line_str
                0x00000000       0xc9 C:/Program Files (x86)/Arm GNU Toolchain arm-none-eabi/13.2 Rel1/bin/../lib/gcc/arm-none-eabi/13.2.1/thumb/v6-m/nofp\libgcc.a(_udivsi3.o)
 .debug_line_str
                0x000000c9       0xc9 C:/Program Files (x86)/Arm GNU Toolchain arm-none-eabi/13.2 Rel1/bin/../lib/gcc/arm-none-eabi/13.2.1/thumb/v6-m/nofp\libgcc.a(_dvmd_tls.o)
